explain (VERBOSE, COSTS OFF) select key, COUNT (value) * 19 from test group by key;
                                                                                                                                                                                                                                                                                                                                                                                                                                                                                                                                                                                                                                                                                                                                                                                                                                         QUERY PLAN                                                                                                                                                                                                                                                                                                                                                                                                                                                                                                                                                                                                                                                                                                                                                                                                                                          
---------------------------------------------------------------------------------------------------------------------------------------------------------------------------------------------------------------------------------------------------------------------------------------------------------------------------------------------------------------------------------------------------------------------------------------------------------------------------------------------------------------------------------------------------------------------------------------------------------------------------------------------------------------------------------------------------------------------------------------------------------------------------------------------------------------------------------------------------------------------------------------------------------------------------------------------------------------------------------------------------------------------------------------------------------------------------------------------------------------------------------------------------------------------------------------------------------------------------------------------------------------------------------------------------------------------------------------------------------------------------------------------------------------------------------------------------------------------------------------------------------------------------------------------------------------------------------------------------------------------------------------------------------------------------------------------
 Custom Scan (MVRewriteScan)
   Output: key, ((count(value) * 19))
   Rewritten SQL: {QUERY :commandType 1 :querySource 0 :canSetTag false :utilityStmt <> :resultRelation 0 :hasAggs false :hasWindowFuncs false :hasTargetSRFs false :hasSubLinks false :hasDistinctOn false :hasRecursive false :hasModifyingCTE false :hasForUpdate false :hasRowSecurity false :cteList <> :rtable ({RTE :alias <> :eref {ALIAS :aliasname test_mv1 :colnames ("key" "count")} :rtekind 0 :relid 16398 :relkind m :tablesample <> :lateral false :inh false :inFromCl true :requiredPerms 2 :checkAsUser 0 :selectedCols (b) :insertedCols (b) :updatedCols (b) :securityQuals <>}) :jointree {FROMEXPR :fromlist ({RANGETBLREF :rtindex 1}) :quals <>} :targetList ({TARGETENTRY :expr {VAR :varno 1 :varattno 1 :vartype 25 :vartypmod -1 :varcollid 100 :varlevelsup 0 :varnoold 1 :varoattno 1 :location -1} :resno 1 :resname <> :ressortgroupref 0 :resorigtbl 0 :resorigcol 0 :resjunk false} {TARGETENTRY :expr {OPEXPR :opno 690 :opfuncid 1276 :opresulttype 20 :opretset false :opcollid 0 :inputcollid 0 :args ({VAR :varno 1 :varattno 2 :vartype 20 :vartypmod -1 :varcollid 0 :varlevelsup 0 :varnoold 1 :varoattno 2 :location -1} {CONST :consttype 23 :consttypmod -1 :constcollid 0 :constlen 4 :constbyval true :constisnull false :location 57 :constvalue 4 [ 19 0 0 0 0 0 0 0 ]}) :location 55} :resno 2 :resname <> :ressortgroupref 0 :resorigtbl 0 :resorigcol 0 :resjunk false}) :override 0 :onConflict <> :returningList <> :groupClause <> :groupingSets <> :havingQual <> :windowClause <> :distinctClause <> :sortClause <> :limitOffset <> :limitCount <> :rowMarks <> :setOperations <> :constraintDeps <> :stmt_location 0 :stmt_len 0}
(3 rows)

select key, COUNT (value) * 19 from test group by key;
 key  | ?column? 
------+----------
 key1 |      190
 key2 | 19000000
(2 rows)

explain (VERBOSE, COSTS OFF) select key, COUNT (value) - 13 from test group by key;
                                                                                                                                                                                                                                                                                                                                                                                                                                                                                                                                                                                                                                                                                                                                                                                                                                         QUERY PLAN                                                                                                                                                                                                                                                                                                                                                                                                                                                                                                                                                                                                                                                                                                                                                                                                                                          
---------------------------------------------------------------------------------------------------------------------------------------------------------------------------------------------------------------------------------------------------------------------------------------------------------------------------------------------------------------------------------------------------------------------------------------------------------------------------------------------------------------------------------------------------------------------------------------------------------------------------------------------------------------------------------------------------------------------------------------------------------------------------------------------------------------------------------------------------------------------------------------------------------------------------------------------------------------------------------------------------------------------------------------------------------------------------------------------------------------------------------------------------------------------------------------------------------------------------------------------------------------------------------------------------------------------------------------------------------------------------------------------------------------------------------------------------------------------------------------------------------------------------------------------------------------------------------------------------------------------------------------------------------------------------------------------
 Custom Scan (MVRewriteScan)
   Output: key, ((count(value) - 13))
   Rewritten SQL: {QUERY :commandType 1 :querySource 0 :canSetTag false :utilityStmt <> :resultRelation 0 :hasAggs false :hasWindowFuncs false :hasTargetSRFs false :hasSubLinks false :hasDistinctOn false :hasRecursive false :hasModifyingCTE false :hasForUpdate false :hasRowSecurity false :cteList <> :rtable ({RTE :alias <> :eref {ALIAS :aliasname test_mv1 :colnames ("key" "count")} :rtekind 0 :relid 16398 :relkind m :tablesample <> :lateral false :inh false :inFromCl true :requiredPerms 2 :checkAsUser 0 :selectedCols (b) :insertedCols (b) :updatedCols (b) :securityQuals <>}) :jointree {FROMEXPR :fromlist ({RANGETBLREF :rtindex 1}) :quals <>} :targetList ({TARGETENTRY :expr {VAR :varno 1 :varattno 1 :vartype 25 :vartypmod -1 :varcollid 100 :varlevelsup 0 :varnoold 1 :varoattno 1 :location -1} :resno 1 :resname <> :ressortgroupref 0 :resorigtbl 0 :resorigcol 0 :resjunk false} {TARGETENTRY :expr {OPEXPR :opno 689 :opfuncid 1275 :opresulttype 20 :opretset false :opcollid 0 :inputcollid 0 :args ({VAR :varno 1 :varattno 2 :vartype 20 :vartypmod -1 :varcollid 0 :varlevelsup 0 :varnoold 1 :varoattno 2 :location -1} {CONST :consttype 23 :consttypmod -1 :constcollid 0 :constlen 4 :constbyval true :constisnull false :location 57 :constvalue 4 [ 13 0 0 0 0 0 0 0 ]}) :location 55} :resno 2 :resname <> :ressortgroupref 0 :resorigtbl 0 :resorigcol 0 :resjunk false}) :override 0 :onConflict <> :returningList <> :groupClause <> :groupingSets <> :havingQual <> :windowClause <> :distinctClause <> :sortClause <> :limitOffset <> :limitCount <> :rowMarks <> :setOperations <> :constraintDeps <> :stmt_location 0 :stmt_len 0}
(3 rows)

select key, COUNT (value) - 13 from test group by key;
 key  | ?column? 
------+----------
 key1 |       -3
 key2 |   999987
(2 rows)

explain (VERBOSE, COSTS OFF) select key, 'Numbering ' || COUNT (value) || '.' from test group by key;
                                                                                                                                                                                                                                                                                                                                                                                                                                                                                                                                                                                                                                                                                                                                                                                                                                                                                                                                                                                                                                          QUERY PLAN                                                                                                                                                                                                                                                                                                                                                                                                                                                                                                                                                                                                                                                                                                                                                                                                                                                                                                                                                                                                                                           
-----------------------------------------------------------------------------------------------------------------------------------------------------------------------------------------------------------------------------------------------------------------------------------------------------------------------------------------------------------------------------------------------------------------------------------------------------------------------------------------------------------------------------------------------------------------------------------------------------------------------------------------------------------------------------------------------------------------------------------------------------------------------------------------------------------------------------------------------------------------------------------------------------------------------------------------------------------------------------------------------------------------------------------------------------------------------------------------------------------------------------------------------------------------------------------------------------------------------------------------------------------------------------------------------------------------------------------------------------------------------------------------------------------------------------------------------------------------------------------------------------------------------------------------------------------------------------------------------------------------------------------------------------------------------------------------------------------------------------------------------------------------------------------------------------------------------------------------------------------------------------------------------------------------------------------------------------------------------------------------------------------------------------------------------------------------------------------------------
 Custom Scan (MVRewriteScan)
   Output: key, ((('Numbering '::text || (count(value))::text) || '.'::text))
   Rewritten SQL: {QUERY :commandType 1 :querySource 0 :canSetTag false :utilityStmt <> :resultRelation 0 :hasAggs false :hasWindowFuncs false :hasTargetSRFs false :hasSubLinks false :hasDistinctOn false :hasRecursive false :hasModifyingCTE false :hasForUpdate false :hasRowSecurity false :cteList <> :rtable ({RTE :alias <> :eref {ALIAS :aliasname test_mv1 :colnames ("key" "count")} :rtekind 0 :relid 16398 :relkind m :tablesample <> :lateral false :inh false :inFromCl true :requiredPerms 2 :checkAsUser 0 :selectedCols (b) :insertedCols (b) :updatedCols (b) :securityQuals <>}) :jointree {FROMEXPR :fromlist ({RANGETBLREF :rtindex 1}) :quals <>} :targetList ({TARGETENTRY :expr {VAR :varno 1 :varattno 1 :vartype 25 :vartypmod -1 :varcollid 100 :varlevelsup 0 :varnoold 1 :varoattno 1 :location -1} :resno 1 :resname <> :ressortgroupref 0 :resorigtbl 0 :resorigcol 0 :resjunk false} {TARGETENTRY :expr {OPEXPR :opno 654 :opfuncid 1258 :opresulttype 25 :opretset false :opcollid 100 :inputcollid 100 :args ({OPEXPR :opno 654 :opfuncid 1258 :opresulttype 25 :opretset false :opcollid 100 :inputcollid 100 :args ({CONST :consttype 25 :consttypmod -1 :constcollid 100 :constlen -1 :constbyval false :constisnull false :location 41 :constvalue 14 [ 56 0 0 0 78 117 109 98 101 114 105 110 103 32 ]} {COERCEVIAIO :arg {VAR :varno 1 :varattno 2 :vartype 20 :vartypmod -1 :varcollid 0 :varlevelsup 0 :varnoold 1 :varoattno 2 :location -1} :resulttype 25 :resultcollid 100 :coerceformat 1 :location 15}) :location 10} {CONST :consttype 25 :consttypmod -1 :constcollid 100 :constlen -1 :constbyval false :constisnull false :location 74 :constvalue 5 [ 20 0 0 0 46 ]}) :location 71} :resno 2 :resname <> :ressortgroupref 0 :resorigtbl 0 :resorigcol 0 :resjunk false}) :override 0 :onConflict <> :returningList <> :groupClause <> :groupingSets <> :havingQual <> :windowClause <> :distinctClause <> :sortClause <> :limitOffset <> :limitCount <> :rowMarks <> :setOperations <> :constraintDeps <> :stmt_location 0 :stmt_len 0}
(3 rows)

select key, 'Numbering ' || COUNT (value) || '.' from test group by key;
 key  |      ?column?      
------+--------------------
 key1 | Numbering 10.
 key2 | Numbering 1000000.
(2 rows)

