-- create rewrite mapping table
create table pgx_rewritable_matviews (matviewschemaname name, matviewname name, tables text[]);
