-- Anticipate message "query requires unsupported features"
-- We don't actually care about the plan itself, only the log output.
set mv_rewrite.log_match_progress = 'true';
set mv_rewrite.rewrite_enabled_for_tables = '';
-- Anticipate no rewrite
DO LANGUAGE plpgsql $$ DECLARE t text; BEGIN FOR t IN
	explain (VERBOSE, COSTS OFF)
		select distinct key, hidden, count (value)
  		from test
  		group by key, hidden
LOOP IF t LIKE '%Rewritten%' THEN RAISE 'Rewritten'; END IF; END LOOP; END; $$;
INFO:  mv_rewrite_add_rewritten_mv_paths: MV rewrite not enabled for one or more table in the query.
INFO:  mv_rewrite_add_rewritten_mv_paths: MV rewrite not enabled for one or more table in the query.
select distinct key, hidden, count (value)
  from test
  group by key, hidden;
INFO:  mv_rewrite_add_rewritten_mv_paths: MV rewrite not enabled for one or more table in the query.
INFO:  mv_rewrite_add_rewritten_mv_paths: MV rewrite not enabled for one or more table in the query.
 key  | hidden  |  count  
------+---------+---------
 key1 | hidden1 |      10
 key2 | hidden2 | 1000000
(2 rows)

