create materialized view test_mv1 as select key, count(value) FROM test GROUP BY key;
refresh materialized view test_mv1;
select mv_rewrite.enable_rewrite ('test_mv1');
 enable_rewrite 
----------------
 
(1 row)

