create materialized view test_expr_mv1 as select key,
    case when count(value) < 10 then 'several'
        when count(value) < 100 then 'tens'
        when count(value) < 1000 then 'hundreds'
        when count(value) < 10000 then 'thousands'
        when count(value) < 100000 then 'tens of thousands'
        when count(value) < 1000000 then 'hundreds of thousands'
        when count(value) < 10000000 then 'millions'
        else 'many'
    end as quantity
FROM test GROUP BY key;
refresh materialized view test_expr_mv1;
select mv_rewrite.enable_rewrite ('test_expr_mv1');
 enable_rewrite 
----------------
 
(1 row)

