explain (VERBOSE, COSTS OFF)
select n.name, n.class, v.additional, count(value) as count
FROM test_name n, test_value v
WHERE n.id1 = v.id1 and n.id2 = v.id2
GROUP BY n.name, n.class, v.additional;
                        QUERY PLAN                         
-----------------------------------------------------------
 Custom Scan (MVRewriteScan)
   Output: n.name, n.class, v.additional, (count(v.value))
   Rewritten: scan of public.test_name_value_mv1
(3 rows)

--select n.name, n.class, v.additional, count(value) as count
--FROM test_name n, test_value v
--WHERE n.id1 = v.id1 and n.id2 = v.id2
--GROUP BY n.name, n.class, v.additional;
