explain (VERBOSE, COSTS OFF) select key, COUNT (value) from test group by key having count (value) > 100;
                        QUERY PLAN                        
----------------------------------------------------------
 Custom Scan (MVRewriteScan)
   Output: key, (count(value))
   Rewritten: scan of public.test_mv1 WHERE (count > 100)
   ->  Seq Scan on public.test_mv1
         Output: key, count
         Filter: (test_mv1.count > 100)
(6 rows)

select key, COUNT (value) from test group by key having count (value) > 100;
 key  |  count  
------+---------
 key2 | 1000000
(1 row)

