explain (VERBOSE, COSTS OFF) select key, COUNT (value) from test group by key;
                                                                                                                                                                                                                                                                                                                                                                                                                                                                                                                                                                                                                                                                                                     QUERY PLAN                                                                                                                                                                                                                                                                                                                                                                                                                                                                                                                                                                                                                                                                                                      
---------------------------------------------------------------------------------------------------------------------------------------------------------------------------------------------------------------------------------------------------------------------------------------------------------------------------------------------------------------------------------------------------------------------------------------------------------------------------------------------------------------------------------------------------------------------------------------------------------------------------------------------------------------------------------------------------------------------------------------------------------------------------------------------------------------------------------------------------------------------------------------------------------------------------------------------------------------------------------------------------------------------------------------------------------------------------------------------------------------------------------------------------------------------------------------------------------------------------------------------------------------------------------------------------------------------------------------------------------------------------------------------------------------------
 Custom Scan (MVRewriteScan)
   Output: key, (count(value))
   Rewritten SQL: {QUERY :commandType 1 :querySource 0 :canSetTag false :utilityStmt <> :resultRelation 0 :hasAggs false :hasWindowFuncs false :hasTargetSRFs false :hasSubLinks false :hasDistinctOn false :hasRecursive false :hasModifyingCTE false :hasForUpdate false :hasRowSecurity false :cteList <> :rtable ({RTE :alias <> :eref {ALIAS :aliasname test_mv1 :colnames ("key" "count")} :rtekind 0 :relid 16398 :relkind m :tablesample <> :lateral false :inh false :inFromCl true :requiredPerms 2 :checkAsUser 0 :selectedCols (b) :insertedCols (b) :updatedCols (b) :securityQuals <>}) :jointree {FROMEXPR :fromlist ({RANGETBLREF :rtindex 1}) :quals <>} :targetList ({TARGETENTRY :expr {VAR :varno 1 :varattno 1 :vartype 25 :vartypmod -1 :varcollid 100 :varlevelsup 0 :varnoold 1 :varoattno 1 :location -1} :resno 1 :resname <> :ressortgroupref 0 :resorigtbl 0 :resorigcol 0 :resjunk false} {TARGETENTRY :expr {VAR :varno 1 :varattno 2 :vartype 20 :vartypmod -1 :varcollid 0 :varlevelsup 0 :varnoold 1 :varoattno 2 :location -1} :resno 2 :resname <> :ressortgroupref 0 :resorigtbl 0 :resorigcol 0 :resjunk false}) :override 0 :onConflict <> :returningList <> :groupClause <> :groupingSets <> :havingQual <> :windowClause <> :distinctClause <> :sortClause <> :limitOffset <> :limitCount <> :rowMarks <> :setOperations <> :constraintDeps <> :stmt_location 0 :stmt_len 0}
(3 rows)

select key, COUNT (value) from test group by key;
 key  |  count  
------+---------
 key1 |      10
 key2 | 1000000
(2 rows)

